//------------------------------------------------------------------------------
//--  Generated by TunerStudio 
//--  Date: 11-7-2025
//--  Time: 18:47
//--  This file merely records what was sent to your Controller,        
//--  and may be deleted at any time.                                                    
//--  Selected type: AFR Table 
//------------------------------------------------------------------------------

//-- generated using refTable Generator:linearGenerator
//-- Table Identifier:002//-- generated by Custom linear generator using user input data:
//-- Volts:0, 5     AFR:8.7, 18.7
//----------------------------------------------------------//
ADC 	Value 	MSVal 	volts
0	8.70	87 	0.000
1	8.71	87 	0.005
2	8.72	87 	0.010
3	8.73	87 	0.015
4	8.74	87 	0.020
5	8.75	87 	0.024
6	8.76	88 	0.029
7	8.77	88 	0.034
8	8.78	88 	0.039
9	8.79	88 	0.044
10	8.80	88 	0.049
11	8.81	88 	0.054
12	8.82	88 	0.059
13	8.83	88 	0.063
14	8.84	88 	0.068
15	8.85	88 	0.073
16	8.86	89 	0.078
17	8.87	89 	0.083
18	8.88	89 	0.088
19	8.89	89 	0.093
20	8.90	89 	0.098
21	8.91	89 	0.103
22	8.91	89 	0.107
23	8.92	89 	0.112
24	8.93	89 	0.117
25	8.94	89 	0.122
26	8.95	90 	0.127
27	8.96	90 	0.132
28	8.97	90 	0.137
29	8.98	90 	0.142
30	8.99	90 	0.146
31	9.00	90 	0.151
32	9.01	90 	0.156
33	9.02	90 	0.161
34	9.03	90 	0.166
35	9.04	90 	0.171
36	9.05	91 	0.176
37	9.06	91 	0.181
38	9.07	91 	0.186
39	9.08	91 	0.190
40	9.09	91 	0.195
41	9.10	91 	0.200
42	9.11	91 	0.205
43	9.12	91 	0.210
44	9.13	91 	0.215
45	9.14	91 	0.220
46	9.15	91 	0.225
47	9.16	92 	0.229
48	9.17	92 	0.234
49	9.18	92 	0.239
50	9.19	92 	0.244
51	9.20	92 	0.249
52	9.21	92 	0.254
53	9.22	92 	0.259
54	9.23	92 	0.264
55	9.24	92 	0.269
56	9.25	92 	0.273
57	9.26	93 	0.278
58	9.27	93 	0.283
59	9.28	93 	0.288
60	9.29	93 	0.293
61	9.30	93 	0.298
62	9.31	93 	0.303
63	9.32	93 	0.308
64	9.32	93 	0.313
65	9.33	93 	0.317
66	9.34	93 	0.322
67	9.35	94 	0.327
68	9.36	94 	0.332
69	9.37	94 	0.337
70	9.38	94 	0.342
71	9.39	94 	0.347
72	9.40	94 	0.352
73	9.41	94 	0.356
74	9.42	94 	0.361
75	9.43	94 	0.366
76	9.44	94 	0.371
77	9.45	95 	0.376
78	9.46	95 	0.381
79	9.47	95 	0.386
80	9.48	95 	0.391
81	9.49	95 	0.396
82	9.50	95 	0.400
83	9.51	95 	0.405
84	9.52	95 	0.410
85	9.53	95 	0.415
86	9.54	95 	0.420
87	9.55	95 	0.425
88	9.56	96 	0.430
89	9.57	96 	0.435
90	9.58	96 	0.439
91	9.59	96 	0.444
92	9.60	96 	0.449
93	9.61	96 	0.454
94	9.62	96 	0.459
95	9.63	96 	0.464
96	9.64	96 	0.469
97	9.65	96 	0.474
98	9.66	97 	0.479
99	9.67	97 	0.483
100	9.68	97 	0.488
101	9.69	97 	0.493
102	9.70	97 	0.498
103	9.71	97 	0.503
104	9.72	97 	0.508
105	9.73	97 	0.513
106	9.74	97 	0.518
107	9.74	97 	0.522
108	9.75	98 	0.527
109	9.76	98 	0.532
110	9.77	98 	0.537
111	9.78	98 	0.542
112	9.79	98 	0.547
113	9.80	98 	0.552
114	9.81	98 	0.557
115	9.82	98 	0.562
116	9.83	98 	0.566
117	9.84	98 	0.571
118	9.85	99 	0.576
119	9.86	99 	0.581
120	9.87	99 	0.586
121	9.88	99 	0.591
122	9.89	99 	0.596
123	9.90	99 	0.601
124	9.91	99 	0.605
125	9.92	99 	0.610
126	9.93	99 	0.615
127	9.94	99 	0.620
128	9.95	100 	0.625
129	9.96	100 	0.630
130	9.97	100 	0.635
131	9.98	100 	0.640
132	9.99	100 	0.645
133	10.00	100 	0.649
134	10.01	100 	0.654
135	10.02	100 	0.659
136	10.03	100 	0.664
137	10.04	100 	0.669
138	10.05	100 	0.674
139	10.06	101 	0.679
140	10.07	101 	0.684
141	10.08	101 	0.688
142	10.09	101 	0.693
143	10.10	101 	0.698
144	10.11	101 	0.703
145	10.12	101 	0.708
146	10.13	101 	0.713
147	10.14	101 	0.718
148	10.15	101 	0.723
149	10.16	102 	0.728
150	10.16	102 	0.732
151	10.17	102 	0.737
152	10.18	102 	0.742
153	10.19	102 	0.747
154	10.20	102 	0.752
155	10.21	102 	0.757
156	10.22	102 	0.762
157	10.23	102 	0.767
158	10.24	102 	0.771
159	10.25	103 	0.776
160	10.26	103 	0.781
161	10.27	103 	0.786
162	10.28	103 	0.791
163	10.29	103 	0.796
164	10.30	103 	0.801
165	10.31	103 	0.806
166	10.32	103 	0.811
167	10.33	103 	0.815
168	10.34	103 	0.820
169	10.35	104 	0.825
170	10.36	104 	0.830
171	10.37	104 	0.835
172	10.38	104 	0.840
173	10.39	104 	0.845
174	10.40	104 	0.850
175	10.41	104 	0.854
176	10.42	104 	0.859
177	10.43	104 	0.864
178	10.44	104 	0.869
179	10.45	104 	0.874
180	10.46	105 	0.879
181	10.47	105 	0.884
182	10.48	105 	0.889
183	10.49	105 	0.894
184	10.50	105 	0.898
185	10.51	105 	0.903
186	10.52	105 	0.908
187	10.53	105 	0.913
188	10.54	105 	0.918
189	10.55	105 	0.923
190	10.56	106 	0.928
191	10.57	106 	0.933
192	10.58	106 	0.938
193	10.58	106 	0.942
194	10.59	106 	0.947
195	10.60	106 	0.952
196	10.61	106 	0.957
197	10.62	106 	0.962
198	10.63	106 	0.967
199	10.64	106 	0.972
200	10.65	107 	0.977
201	10.66	107 	0.981
202	10.67	107 	0.986
203	10.68	107 	0.991
204	10.69	107 	0.996
205	10.70	107 	1.001
206	10.71	107 	1.006
207	10.72	107 	1.011
208	10.73	107 	1.016
209	10.74	107 	1.021
210	10.75	108 	1.025
211	10.76	108 	1.030
212	10.77	108 	1.035
213	10.78	108 	1.040
214	10.79	108 	1.045
215	10.80	108 	1.050
216	10.81	108 	1.055
217	10.82	108 	1.060
218	10.83	108 	1.064
219	10.84	108 	1.069
220	10.85	108 	1.074
221	10.86	109 	1.079
222	10.87	109 	1.084
223	10.88	109 	1.089
224	10.89	109 	1.094
225	10.90	109 	1.099
226	10.91	109 	1.104
227	10.92	109 	1.108
228	10.93	109 	1.113
229	10.94	109 	1.118
230	10.95	109 	1.123
231	10.96	110 	1.128
232	10.97	110 	1.133
233	10.98	110 	1.138
234	10.99	110 	1.143
235	10.99	110 	1.147
236	11.00	110 	1.152
237	11.01	110 	1.157
238	11.02	110 	1.162
239	11.03	110 	1.167
240	11.04	110 	1.172
241	11.05	111 	1.177
242	11.06	111 	1.182
243	11.07	111 	1.187
244	11.08	111 	1.191
245	11.09	111 	1.196
246	11.10	111 	1.201
247	11.11	111 	1.206
248	11.12	111 	1.211
249	11.13	111 	1.216
250	11.14	111 	1.221
251	11.15	112 	1.226
252	11.16	112 	1.230
253	11.17	112 	1.235
254	11.18	112 	1.240
255	11.19	112 	1.245
256	11.20	112 	1.250
257	11.21	112 	1.255
258	11.22	112 	1.260
259	11.23	112 	1.265
260	11.24	112 	1.270
261	11.25	112 	1.274
262	11.26	113 	1.279
263	11.27	113 	1.284
264	11.28	113 	1.289
265	11.29	113 	1.294
266	11.30	113 	1.299
267	11.31	113 	1.304
268	11.32	113 	1.309
269	11.33	113 	1.313
270	11.34	113 	1.318
271	11.35	113 	1.323
272	11.36	114 	1.328
273	11.37	114 	1.333
274	11.38	114 	1.338
275	11.39	114 	1.343
276	11.40	114 	1.348
277	11.41	114 	1.353
278	11.41	114 	1.357
279	11.42	114 	1.362
280	11.43	114 	1.367
281	11.44	114 	1.372
282	11.45	115 	1.377
283	11.46	115 	1.382
284	11.47	115 	1.387
285	11.48	115 	1.392
286	11.49	115 	1.396
287	11.50	115 	1.401
288	11.51	115 	1.406
289	11.52	115 	1.411
290	11.53	115 	1.416
291	11.54	115 	1.421
292	11.55	116 	1.426
293	11.56	116 	1.431
294	11.57	116 	1.436
295	11.58	116 	1.440
296	11.59	116 	1.445
297	11.60	116 	1.450
298	11.61	116 	1.455
299	11.62	116 	1.460
300	11.63	116 	1.465
301	11.64	116 	1.470
302	11.65	116 	1.475
303	11.66	117 	1.479
304	11.67	117 	1.484
305	11.68	117 	1.489
306	11.69	117 	1.494
307	11.70	117 	1.499
308	11.71	117 	1.504
309	11.72	117 	1.509
310	11.73	117 	1.514
311	11.74	117 	1.519
312	11.75	117 	1.523
313	11.76	118 	1.528
314	11.77	118 	1.533
315	11.78	118 	1.538
316	11.79	118 	1.543
317	11.80	118 	1.548
318	11.81	118 	1.553
319	11.82	118 	1.558
320	11.83	118 	1.563
321	11.83	118 	1.567
322	11.84	118 	1.572
323	11.85	119 	1.577
324	11.86	119 	1.582
325	11.87	119 	1.587
326	11.88	119 	1.592
327	11.89	119 	1.597
328	11.90	119 	1.602
329	11.91	119 	1.606
330	11.92	119 	1.611
331	11.93	119 	1.616
332	11.94	119 	1.621
333	11.95	120 	1.626
334	11.96	120 	1.631
335	11.97	120 	1.636
336	11.98	120 	1.641
337	11.99	120 	1.646
338	12.00	120 	1.650
339	12.01	120 	1.655
340	12.02	120 	1.660
341	12.03	120 	1.665
342	12.04	120 	1.670
343	12.05	120 	1.675
344	12.06	121 	1.680
345	12.07	121 	1.685
346	12.08	121 	1.689
347	12.09	121 	1.694
348	12.10	121 	1.699
349	12.11	121 	1.704
350	12.12	121 	1.709
351	12.13	121 	1.714
352	12.14	121 	1.719
353	12.15	121 	1.724
354	12.16	122 	1.729
355	12.17	122 	1.733
356	12.18	122 	1.738
357	12.19	122 	1.743
358	12.20	122 	1.748
359	12.21	122 	1.753
360	12.22	122 	1.758
361	12.23	122 	1.763
362	12.24	122 	1.768
363	12.24	122 	1.772
364	12.25	123 	1.777
365	12.26	123 	1.782
366	12.27	123 	1.787
367	12.28	123 	1.792
368	12.29	123 	1.797
369	12.30	123 	1.802
370	12.31	123 	1.807
371	12.32	123 	1.812
372	12.33	123 	1.816
373	12.34	123 	1.821
374	12.35	124 	1.826
375	12.36	124 	1.831
376	12.37	124 	1.836
377	12.38	124 	1.841
378	12.39	124 	1.846
379	12.40	124 	1.851
380	12.41	124 	1.855
381	12.42	124 	1.860
382	12.43	124 	1.865
383	12.44	124 	1.870
384	12.45	125 	1.875
385	12.46	125 	1.880
386	12.47	125 	1.885
387	12.48	125 	1.890
388	12.49	125 	1.895
389	12.50	125 	1.899
390	12.51	125 	1.904
391	12.52	125 	1.909
392	12.53	125 	1.914
393	12.54	125 	1.919
394	12.55	125 	1.924
395	12.56	126 	1.929
396	12.57	126 	1.934
397	12.58	126 	1.938
398	12.59	126 	1.943
399	12.60	126 	1.948
400	12.61	126 	1.953
401	12.62	126 	1.958
402	12.63	126 	1.963
403	12.64	126 	1.968
404	12.65	126 	1.973
405	12.66	127 	1.978
406	12.66	127 	1.982
407	12.67	127 	1.987
408	12.68	127 	1.992
409	12.69	127 	1.997
410	12.70	127 	2.002
411	12.71	127 	2.007
412	12.72	127 	2.012
413	12.73	127 	2.017
414	12.74	127 	2.021
415	12.75	128 	2.026
416	12.76	128 	2.031
417	12.77	128 	2.036
418	12.78	128 	2.041
419	12.79	128 	2.046
420	12.80	128 	2.051
421	12.81	128 	2.056
422	12.82	128 	2.061
423	12.83	128 	2.065
424	12.84	128 	2.070
425	12.85	129 	2.075
426	12.86	129 	2.080
427	12.87	129 	2.085
428	12.88	129 	2.090
429	12.89	129 	2.095
430	12.90	129 	2.100
431	12.91	129 	2.104
432	12.92	129 	2.109
433	12.93	129 	2.114
434	12.94	129 	2.119
435	12.95	129 	2.124
436	12.96	130 	2.129
437	12.97	130 	2.134
438	12.98	130 	2.139
439	12.99	130 	2.144
440	13.00	130 	2.148
441	13.01	130 	2.153
442	13.02	130 	2.158
443	13.03	130 	2.163
444	13.04	130 	2.168
445	13.05	130 	2.173
446	13.06	131 	2.178
447	13.07	131 	2.183
448	13.08	131 	2.188
449	13.08	131 	2.192
450	13.09	131 	2.197
451	13.10	131 	2.202
452	13.11	131 	2.207
453	13.12	131 	2.212
454	13.13	131 	2.217
455	13.14	131 	2.222
456	13.15	132 	2.227
457	13.16	132 	2.231
458	13.17	132 	2.236
459	13.18	132 	2.241
460	13.19	132 	2.246
461	13.20	132 	2.251
462	13.21	132 	2.256
463	13.22	132 	2.261
464	13.23	132 	2.266
465	13.24	132 	2.271
466	13.25	133 	2.275
467	13.26	133 	2.280
468	13.27	133 	2.285
469	13.28	133 	2.290
470	13.29	133 	2.295
471	13.30	133 	2.300
472	13.31	133 	2.305
473	13.32	133 	2.310
474	13.33	133 	2.314
475	13.34	133 	2.319
476	13.35	133 	2.324
477	13.36	134 	2.329
478	13.37	134 	2.334
479	13.38	134 	2.339
480	13.39	134 	2.344
481	13.40	134 	2.349
482	13.41	134 	2.354
483	13.42	134 	2.358
484	13.43	134 	2.363
485	13.44	134 	2.368
486	13.45	134 	2.373
487	13.46	135 	2.378
488	13.47	135 	2.383
489	13.48	135 	2.388
490	13.49	135 	2.393
491	13.49	135 	2.397
492	13.50	135 	2.402
493	13.51	135 	2.407
494	13.52	135 	2.412
495	13.53	135 	2.417
496	13.54	135 	2.422
497	13.55	136 	2.427
498	13.56	136 	2.432
499	13.57	136 	2.437
500	13.58	136 	2.441
501	13.59	136 	2.446
502	13.60	136 	2.451
503	13.61	136 	2.456
504	13.62	136 	2.461
505	13.63	136 	2.466
506	13.64	136 	2.471
507	13.65	137 	2.476
508	13.66	137 	2.480
509	13.67	137 	2.485
510	13.68	137 	2.490
511	13.69	137 	2.495
512	13.70	137 	2.500
513	13.71	137 	2.505
514	13.72	137 	2.510
515	13.73	137 	2.515
516	13.74	137 	2.520
517	13.75	137 	2.524
518	13.76	138 	2.529
519	13.77	138 	2.534
520	13.78	138 	2.539
521	13.79	138 	2.544
522	13.80	138 	2.549
523	13.81	138 	2.554
524	13.82	138 	2.559
525	13.83	138 	2.563
526	13.84	138 	2.568
527	13.85	138 	2.573
528	13.86	139 	2.578
529	13.87	139 	2.583
530	13.88	139 	2.588
531	13.89	139 	2.593
532	13.90	139 	2.598
533	13.91	139 	2.603
534	13.91	139 	2.607
535	13.92	139 	2.612
536	13.93	139 	2.617
537	13.94	139 	2.622
538	13.95	140 	2.627
539	13.96	140 	2.632
540	13.97	140 	2.637
541	13.98	140 	2.642
542	13.99	140 	2.646
543	14.00	140 	2.651
544	14.01	140 	2.656
545	14.02	140 	2.661
546	14.03	140 	2.666
547	14.04	140 	2.671
548	14.05	141 	2.676
549	14.06	141 	2.681
550	14.07	141 	2.686
551	14.08	141 	2.690
552	14.09	141 	2.695
553	14.10	141 	2.700
554	14.11	141 	2.705
555	14.12	141 	2.710
556	14.13	141 	2.715
557	14.14	141 	2.720
558	14.15	141 	2.725
559	14.16	142 	2.729
560	14.17	142 	2.734
561	14.18	142 	2.739
562	14.19	142 	2.744
563	14.20	142 	2.749
564	14.21	142 	2.754
565	14.22	142 	2.759
566	14.23	142 	2.764
567	14.24	142 	2.769
568	14.25	142 	2.773
569	14.26	143 	2.778
570	14.27	143 	2.783
571	14.28	143 	2.788
572	14.29	143 	2.793
573	14.30	143 	2.798
574	14.31	143 	2.803
575	14.32	143 	2.808
576	14.33	143 	2.813
577	14.33	143 	2.817
578	14.34	143 	2.822
579	14.35	144 	2.827
580	14.36	144 	2.832
581	14.37	144 	2.837
582	14.38	144 	2.842
583	14.39	144 	2.847
584	14.40	144 	2.852
585	14.41	144 	2.856
586	14.42	144 	2.861
587	14.43	144 	2.866
588	14.44	144 	2.871
589	14.45	145 	2.876
590	14.46	145 	2.881
591	14.47	145 	2.886
592	14.48	145 	2.891
593	14.49	145 	2.896
594	14.50	145 	2.900
595	14.51	145 	2.905
596	14.52	145 	2.910
597	14.53	145 	2.915
598	14.54	145 	2.920
599	14.55	145 	2.925
600	14.56	146 	2.930
601	14.57	146 	2.935
602	14.58	146 	2.939
603	14.59	146 	2.944
604	14.60	146 	2.949
605	14.61	146 	2.954
606	14.62	146 	2.959
607	14.63	146 	2.964
608	14.64	146 	2.969
609	14.65	146 	2.974
610	14.66	147 	2.979
611	14.67	147 	2.983
612	14.68	147 	2.988
613	14.69	147 	2.993
614	14.70	147 	2.998
615	14.71	147 	3.003
616	14.72	147 	3.008
617	14.73	147 	3.013
618	14.74	147 	3.018
619	14.74	147 	3.022
620	14.75	148 	3.027
621	14.76	148 	3.032
622	14.77	148 	3.037
623	14.78	148 	3.042
624	14.79	148 	3.047
625	14.80	148 	3.052
626	14.81	148 	3.057
627	14.82	148 	3.062
628	14.83	148 	3.066
629	14.84	148 	3.071
630	14.85	149 	3.076
631	14.86	149 	3.081
632	14.87	149 	3.086
633	14.88	149 	3.091
634	14.89	149 	3.096
635	14.90	149 	3.101
636	14.91	149 	3.105
637	14.92	149 	3.110
638	14.93	149 	3.115
639	14.94	149 	3.120
640	14.95	150 	3.125
641	14.96	150 	3.130
642	14.97	150 	3.135
643	14.98	150 	3.140
644	14.99	150 	3.145
645	15.00	150 	3.149
646	15.01	150 	3.154
647	15.02	150 	3.159
648	15.03	150 	3.164
649	15.04	150 	3.169
650	15.05	150 	3.174
651	15.06	151 	3.179
652	15.07	151 	3.184
653	15.08	151 	3.188
654	15.09	151 	3.193
655	15.10	151 	3.198
656	15.11	151 	3.203
657	15.12	151 	3.208
658	15.13	151 	3.213
659	15.14	151 	3.218
660	15.15	151 	3.223
661	15.16	152 	3.228
662	15.16	152 	3.232
663	15.17	152 	3.237
664	15.18	152 	3.242
665	15.19	152 	3.247
666	15.20	152 	3.252
667	15.21	152 	3.257
668	15.22	152 	3.262
669	15.23	152 	3.267
670	15.24	152 	3.271
671	15.25	153 	3.276
672	15.26	153 	3.281
673	15.27	153 	3.286
674	15.28	153 	3.291
675	15.29	153 	3.296
676	15.30	153 	3.301
677	15.31	153 	3.306
678	15.32	153 	3.311
679	15.33	153 	3.315
680	15.34	153 	3.320
681	15.35	154 	3.325
682	15.36	154 	3.330
683	15.37	154 	3.335
684	15.38	154 	3.340
685	15.39	154 	3.345
686	15.40	154 	3.350
687	15.41	154 	3.354
688	15.42	154 	3.359
689	15.43	154 	3.364
690	15.44	154 	3.369
691	15.45	154 	3.374
692	15.46	155 	3.379
693	15.47	155 	3.384
694	15.48	155 	3.389
695	15.49	155 	3.394
696	15.50	155 	3.398
697	15.51	155 	3.403
698	15.52	155 	3.408
699	15.53	155 	3.413
700	15.54	155 	3.418
701	15.55	155 	3.423
702	15.56	156 	3.428
703	15.57	156 	3.433
704	15.58	156 	3.438
705	15.58	156 	3.442
706	15.59	156 	3.447
707	15.60	156 	3.452
708	15.61	156 	3.457
709	15.62	156 	3.462
710	15.63	156 	3.467
711	15.64	156 	3.472
712	15.65	157 	3.477
713	15.66	157 	3.481
714	15.67	157 	3.486
715	15.68	157 	3.491
716	15.69	157 	3.496
717	15.70	157 	3.501
718	15.71	157 	3.506
719	15.72	157 	3.511
720	15.73	157 	3.516
721	15.74	157 	3.521
722	15.75	158 	3.525
723	15.76	158 	3.530
724	15.77	158 	3.535
725	15.78	158 	3.540
726	15.79	158 	3.545
727	15.80	158 	3.550
728	15.81	158 	3.555
729	15.82	158 	3.560
730	15.83	158 	3.564
731	15.84	158 	3.569
732	15.85	158 	3.574
733	15.86	159 	3.579
734	15.87	159 	3.584
735	15.88	159 	3.589
736	15.89	159 	3.594
737	15.90	159 	3.599
738	15.91	159 	3.604
739	15.92	159 	3.608
740	15.93	159 	3.613
741	15.94	159 	3.618
742	15.95	159 	3.623
743	15.96	160 	3.628
744	15.97	160 	3.633
745	15.98	160 	3.638
746	15.99	160 	3.643
747	15.99	160 	3.647
748	16.00	160 	3.652
749	16.01	160 	3.657
750	16.02	160 	3.662
751	16.03	160 	3.667
752	16.04	160 	3.672
753	16.05	161 	3.677
754	16.06	161 	3.682
755	16.07	161 	3.687
756	16.08	161 	3.691
757	16.09	161 	3.696
758	16.10	161 	3.701
759	16.11	161 	3.706
760	16.12	161 	3.711
761	16.13	161 	3.716
762	16.14	161 	3.721
763	16.15	162 	3.726
764	16.16	162 	3.730
765	16.17	162 	3.735
766	16.18	162 	3.740
767	16.19	162 	3.745
768	16.20	162 	3.750
769	16.21	162 	3.755
770	16.22	162 	3.760
771	16.23	162 	3.765
772	16.24	162 	3.770
773	16.25	162 	3.774
774	16.26	163 	3.779
775	16.27	163 	3.784
776	16.28	163 	3.789
777	16.29	163 	3.794
778	16.30	163 	3.799
779	16.31	163 	3.804
780	16.32	163 	3.809
781	16.33	163 	3.813
782	16.34	163 	3.818
783	16.35	163 	3.823
784	16.36	164 	3.828
785	16.37	164 	3.833
786	16.38	164 	3.838
787	16.39	164 	3.843
788	16.40	164 	3.848
789	16.41	164 	3.853
790	16.41	164 	3.857
791	16.42	164 	3.862
792	16.43	164 	3.867
793	16.44	164 	3.872
794	16.45	165 	3.877
795	16.46	165 	3.882
796	16.47	165 	3.887
797	16.48	165 	3.892
798	16.49	165 	3.896
799	16.50	165 	3.901
800	16.51	165 	3.906
801	16.52	165 	3.911
802	16.53	165 	3.916
803	16.54	165 	3.921
804	16.55	166 	3.926
805	16.56	166 	3.931
806	16.57	166 	3.936
807	16.58	166 	3.940
808	16.59	166 	3.945
809	16.60	166 	3.950
810	16.61	166 	3.955
811	16.62	166 	3.960
812	16.63	166 	3.965
813	16.64	166 	3.970
814	16.65	166 	3.975
815	16.66	167 	3.979
816	16.67	167 	3.984
817	16.68	167 	3.989
818	16.69	167 	3.994
819	16.70	167 	3.999
820	16.71	167 	4.004
821	16.72	167 	4.009
822	16.73	167 	4.014
823	16.74	167 	4.019
824	16.75	167 	4.023
825	16.76	168 	4.028
826	16.77	168 	4.033
827	16.78	168 	4.038
828	16.79	168 	4.043
829	16.80	168 	4.048
830	16.81	168 	4.053
831	16.82	168 	4.058
832	16.83	168 	4.063
833	16.83	168 	4.067
834	16.84	168 	4.072
835	16.85	169 	4.077
836	16.86	169 	4.082
837	16.87	169 	4.087
838	16.88	169 	4.092
839	16.89	169 	4.097
840	16.90	169 	4.102
841	16.91	169 	4.106
842	16.92	169 	4.111
843	16.93	169 	4.116
844	16.94	169 	4.121
845	16.95	170 	4.126
846	16.96	170 	4.131
847	16.97	170 	4.136
848	16.98	170 	4.141
849	16.99	170 	4.146
850	17.00	170 	4.150
851	17.01	170 	4.155
852	17.02	170 	4.160
853	17.03	170 	4.165
854	17.04	170 	4.170
855	17.05	170 	4.175
856	17.06	171 	4.180
857	17.07	171 	4.185
858	17.08	171 	4.189
859	17.09	171 	4.194
860	17.10	171 	4.199
861	17.11	171 	4.204
862	17.12	171 	4.209
863	17.13	171 	4.214
864	17.14	171 	4.219
865	17.15	171 	4.224
866	17.16	172 	4.229
867	17.17	172 	4.233
868	17.18	172 	4.238
869	17.19	172 	4.243
870	17.20	172 	4.248
871	17.21	172 	4.253
872	17.22	172 	4.258
873	17.23	172 	4.263
874	17.24	172 	4.268
875	17.24	172 	4.272
876	17.25	173 	4.277
877	17.26	173 	4.282
878	17.27	173 	4.287
879	17.28	173 	4.292
880	17.29	173 	4.297
881	17.30	173 	4.302
882	17.31	173 	4.307
883	17.32	173 	4.312
884	17.33	173 	4.316
885	17.34	173 	4.321
886	17.35	174 	4.326
887	17.36	174 	4.331
888	17.37	174 	4.336
889	17.38	174 	4.341
890	17.39	174 	4.346
891	17.40	174 	4.351
892	17.41	174 	4.355
893	17.42	174 	4.360
894	17.43	174 	4.365
895	17.44	174 	4.370
896	17.45	175 	4.375
897	17.46	175 	4.380
898	17.47	175 	4.385
899	17.48	175 	4.390
900	17.49	175 	4.395
901	17.50	175 	4.399
902	17.51	175 	4.404
903	17.52	175 	4.409
904	17.53	175 	4.414
905	17.54	175 	4.419
906	17.55	175 	4.424
907	17.56	176 	4.429
908	17.57	176 	4.434
909	17.58	176 	4.438
910	17.59	176 	4.443
911	17.60	176 	4.448
912	17.61	176 	4.453
913	17.62	176 	4.458
914	17.63	176 	4.463
915	17.64	176 	4.468
916	17.65	176 	4.473
917	17.66	177 	4.478
918	17.66	177 	4.482
919	17.67	177 	4.487
920	17.68	177 	4.492
921	17.69	177 	4.497
922	17.70	177 	4.502
923	17.71	177 	4.507
924	17.72	177 	4.512
925	17.73	177 	4.517
926	17.74	177 	4.521
927	17.75	178 	4.526
928	17.76	178 	4.531
929	17.77	178 	4.536
930	17.78	178 	4.541
931	17.79	178 	4.546
932	17.80	178 	4.551
933	17.81	178 	4.556
934	17.82	178 	4.561
935	17.83	178 	4.565
936	17.84	178 	4.570
937	17.85	179 	4.575
938	17.86	179 	4.580
939	17.87	179 	4.585
940	17.88	179 	4.590
941	17.89	179 	4.595
942	17.90	179 	4.600
943	17.91	179 	4.604
944	17.92	179 	4.609
945	17.93	179 	4.614
946	17.94	179 	4.619
947	17.95	179 	4.624
948	17.96	180 	4.629
949	17.97	180 	4.634
950	17.98	180 	4.639
951	17.99	180 	4.644
952	18.00	180 	4.648
953	18.01	180 	4.653
954	18.02	180 	4.658
955	18.03	180 	4.663
956	18.04	180 	4.668
957	18.05	180 	4.673
958	18.06	181 	4.678
959	18.07	181 	4.683
960	18.08	181 	4.688
961	18.08	181 	4.692
962	18.09	181 	4.697
963	18.10	181 	4.702
964	18.11	181 	4.707
965	18.12	181 	4.712
966	18.13	181 	4.717
967	18.14	181 	4.722
968	18.15	182 	4.727
969	18.16	182 	4.731
970	18.17	182 	4.736
971	18.18	182 	4.741
972	18.19	182 	4.746
973	18.20	182 	4.751
974	18.21	182 	4.756
975	18.22	182 	4.761
976	18.23	182 	4.766
977	18.24	182 	4.771
978	18.25	183 	4.775
979	18.26	183 	4.780
980	18.27	183 	4.785
981	18.28	183 	4.790
982	18.29	183 	4.795
983	18.30	183 	4.800
984	18.31	183 	4.805
985	18.32	183 	4.810
986	18.33	183 	4.814
987	18.34	183 	4.819
988	18.35	183 	4.824
989	18.36	184 	4.829
990	18.37	184 	4.834
991	18.38	184 	4.839
992	18.39	184 	4.844
993	18.40	184 	4.849
994	18.41	184 	4.854
995	18.42	184 	4.858
996	18.43	184 	4.863
997	18.44	184 	4.868
998	18.45	184 	4.873
999	18.46	185 	4.878
1000	18.47	185 	4.883
1001	18.48	185 	4.888
1002	18.49	185 	4.893
1003	18.49	185 	4.897
1004	18.50	185 	4.902
1005	18.51	185 	4.907
1006	18.52	185 	4.912
1007	18.53	185 	4.917
1008	18.54	185 	4.922
1009	18.55	186 	4.927
1010	18.56	186 	4.932
1011	18.57	186 	4.937
1012	18.58	186 	4.941
1013	18.59	186 	4.946
1014	18.60	186 	4.951
1015	18.61	186 	4.956
1016	18.62	186 	4.961
1017	18.63	186 	4.966
1018	18.64	186 	4.971
1019	18.65	187 	4.976
1020	18.66	187 	4.980
1021	18.67	187 	4.985
1022	18.68	187 	4.990
1023	18.69	187 	4.995
